// Vitest Snapshot v1, https://vitest.dev/guide/snapshot.html

exports[`ConfirmDialog > matches snapshot 1`] = `
<div>
  <dialog
    class="motion-safe:animate-fade-up fixed inset-0 z-50 m-auto w-[calc(100%-2rem)] max-w-md rounded-3xl border border-slate-800 bg-slate-950/75 p-6 shadow-2xl shadow-slate-950/60 backdrop-blur-xl [&::backdrop]:bg-slate-950/80 [&::backdrop]:backdrop-blur-sm"
  >
    <div
      class="flex flex-col gap-4"
    >
      <div
        class="space-y-2"
      >
        <h2
          class="text-lg font-semibold text-slate-100"
        >
          Delete asset
        </h2>
        <p
          class="text-sm text-slate-400"
        >
          This action cannot be undone.
        </p>
      </div>
      <div
        class="flex flex-col gap-3 sm:flex-row sm:justify-end"
      >
        <button
          class="rounded-2xl border border-slate-800 px-4 py-2 text-sm font-semibold text-slate-300 transition hover:border-slate-600 hover:text-slate-100"
          type="button"
        >
          Keep
        </button>
        <button
          class="rounded-2xl border border-rose-500/40 bg-rose-500/20 px-4 py-2 text-sm font-semibold text-rose-100 transition hover:border-rose-400 hover:bg-rose-500/30"
          type="button"
        >
          Delete
        </button>
      </div>
    </div>
  </dialog>
</div>
`;
