// Vitest Snapshot v1, https://vitest.dev/guide/snapshot.html

exports[`Select > matches snapshot 1`] = `
<div>
  <label
    class="focus-ring relative flex h-12 w-full items-center justify-between gap-2 rounded-2xl border border-slate-800 bg-slate-950/70 px-3 py-2 text-xs text-slate-300 transition sm:w-auto lg:h-auto"
  >
    <span
      class="font-semibold tracking-[0.2em] whitespace-nowrap text-slate-400 uppercase"
    >
      Sort by
    </span>
    <span
      class="mr-6 w-full min-w-0 text-right text-xs font-semibold text-slate-100"
    >
      Symbol
    </span>
    <select
      class="absolute inset-0 h-full w-full cursor-pointer opacity-0 focus:outline-none disabled:cursor-not-allowed [appearance:base-select] [&::picker(select)]:[appearance:base-select] [&::picker(select)]:opacity-0 [&::picker(select)]:mt-2 [&::picker(select)]:rounded-md [&::picker(select)]:bg-slate-950 [&::picker(select)]:p-2 [&::picker(select)]:text-slate-100 [&::picker(select):popover-open]:opacity-100"
    >
      <option
        value=""
      >
        Default
      </option>
      <option
        value="symbol"
      >
        Symbol
      </option>
      <option
        value="quantity"
      >
        Quantity
      </option>
    </select>
    <span
      aria-hidden="true"
      class="pointer-events-none absolute top-1/2 right-3 -translate-y-1/2 text-slate-400"
    >
      <svg
        class="h-3.5 w-3.5"
        fill="none"
        viewBox="0 0 16 16"
      >
        <path
          d="M4 6.25L8 10.25L12 6.25"
          stroke="currentColor"
          stroke-linecap="round"
          stroke-linejoin="round"
          stroke-width="1.6"
        />
      </svg>
    </span>
  </label>
</div>
`;
