// Vitest Snapshot v1, https://vitest.dev/guide/snapshot.html

exports[`AddAssetForm > matches snapshot 1`] = `
<div>
  <form
    class="rounded-3xl border border-slate-800 bg-slate-950/70 p-6 shadow-xl shadow-slate-900/40"
  >
    <div
      class="flex flex-col gap-6"
    >
      <div
        class="grid gap-4 md:grid-cols-[3fr_1fr]"
      >
        <div>
          <div
            class="w-full max-w-xl"
          >
            <label
              class="text-xs font-semibold tracking-[0.2em] uppercase"
            >
              Symbol lookup
            </label>
            <div
              class="relative mt-3"
            >
              <input
                aria-controls="autocomplete-results"
                aria-expanded="false"
                class="w-full rounded-2xl border border-slate-800 px-4 py-3 text-sm text-slate-100 shadow-[0_0_0_1px_rgba(30,41,59,0.2)] transition outline-none focus:border-slate-500 focus:ring-2 focus:ring-slate-700"
                placeholder="Search symbols like AAPL or TSLA"
                role="combobox"
                value=""
              />
            </div>
          </div>
        </div>
        <div
          class="flex flex-col gap-2"
        >
          <label
            class="text-xs font-semibold tracking-[0.2em] text-slate-300 uppercase"
          >
            Quantity
          </label>
          <input
            aria-invalid="false"
            class="mt-3 rounded-2xl border border-slate-800 bg-slate-950 px-4 py-3 text-sm text-slate-100 transition outline-none focus:border-slate-500 focus:ring-2 focus:ring-slate-700"
            min="0"
            name="quantity"
            step="any"
            type="number"
          />
        </div>
      </div>
      <div
        class="flex flex-col gap-2"
      >
        <span
          class="text-xs font-semibold tracking-[0.2em] text-slate-300 uppercase"
        >
          Purchase Price
        </span>
        <div
          aria-invalid="false"
          class="text-sm font-semibold text-slate-100"
        >
          -
        </div>
      </div>
      <div
        class="flex flex-col gap-2"
      >
        <span
          class="text-xs font-semibold tracking-[0.2em] text-slate-300 uppercase"
        >
          Total Price
        </span>
        <div
          class="text-sm font-semibold text-slate-100"
        >
          -
        </div>
      </div>
      <input
        name="purchaseDate"
        type="hidden"
        value="2024-01-02T12:00:00+00:00"
      />
      <input
        name="assetType"
        type="hidden"
        value=""
      />
      <input
        name="purchasePrice"
        type="hidden"
        value=""
      />
      <button
        class="flex items-center justify-center rounded-2xl border border-slate-700 bg-slate-900 px-6 py-3 text-sm font-semibold text-slate-100 transition hover:border-slate-500 hover:bg-slate-800 disabled:cursor-not-allowed disabled:border-slate-800 disabled:bg-slate-950 disabled:text-slate-500"
        disabled=""
        type="submit"
      >
        Add to Portfolio
      </button>
    </div>
  </form>
  <div
    class="pointer-events-none fixed right-6 bottom-6 left-6 z-50 flex w-full max-w-xs flex-col gap-3 sm:right-auto"
  />
</div>
`;
