// Vitest Snapshot v1, https://vitest.dev/guide/snapshot.html

exports[`App > matches snapshot 1`] = `
<div>
  <div
    class="min-h-dvh px-6 py-12 text-slate-100"
  >
    <div
      class="mx-auto flex w-full max-w-6xl flex-col gap-8"
    >
      <div
        class="space-y-2"
      >
        <h1
          class="mb-6 text-3xl font-semibold"
        >
          Portfolio Simulator
        </h1>
        <p
          class="text-slate-400"
        >
          Welcome to the portfolio simulator! This app allows you to create a mock portfolio by adding stocks, tracking their performance, and reviewing your holdings. The available stocks and history data are mock data that has been randomly generated. All data is stored in your browser and can be accessed again by visiting the site from the same computer/browser combination.
        </p>
      </div>
      <section
        class="rounded-3xl border border-dashed border-slate-800 p-8 text-center text-sm text-slate-400 bg-slate-950/50"
      >
        <p>
          No holdings yet. Get started by adding your first asset to build a portfolio.
        </p>
        <div
          class="mt-6 flex justify-center"
        >
          <button
            class="rounded-2xl border border-emerald-300/70 px-6 py-3 text-sm font-semibold text-emerald-100 transition hover:border-emerald-200 hover:bg-emerald-300/10"
            type="button"
          >
            Get started
          </button>
        </div>
      </section>
    </div>
  </div>
</div>
`;
